data/sales_dataset.csv
Date,Store_ID,Product_Category,Price,Is_Holiday,Is_Promotion,Units_Sold,Revenue
2025-01-01,1,Electronics,189.8,False,False,10,1897.96
2025-01-16,1,Electronics,201.48,False,False,9,1813.31
2025-01-20,1,Electronics,215.15,False,False,9,1936.34
2025-03-17,1,Electronics,185.43,False,False,10,1854.28
2025-03-23,1,Electronics,203.03,True,False,14,2842.45
2025-03-25,1,Electronics,197.14,False,False,12,2365.62
2025-04-25,1,Electronics,204.35,False,False,10,2043.55
2025-05-08,1,Electronics,207.76,False,False,9,1869.84
2025-07-13,1,Electronics,215.06,True,False,21,4516.17
2025-07-19,1,Electronics,210.52,True,False,17,3578.92
2025-08-08,1,Electronics,196.25,False,False,9,1766.24
2025-08-12,1,Electronics,199.96,False,False,11,2199.58
2025-08-27,1,Electronics,157.3,False,True,23,3617.9
2025-09-22,1,Electronics,,False,False,11,2295.64
2025-10-11,1,Electronics,208.02,True,False,15,3120.23
2025-11-06,1,Electronics,213.7,False,False,10,2137.02
2025-11-12,1,Electronics,156.14,False,True,22,3435.0
2025-11-22,1,Electronics,195.2,True,False,14,2732.8
2026-01-04,1,Electronics,209.99,True,False,14,2939.89
2026-01-08,1,Electronics,169.08,False,True,24,4058.03
2026-02-10,1,Electronics,215.89,False,False,10,2158.91
2026-04-27,1,Electronics,187.78,False,False,11,2065.6
2026-05-10,1,Electronics,195.21,True,False,13,2537.73
2026-05-15,1,Electronics,213.41,False,False,9,1920.68
2026-05-16,1,Electronics,184.05,True,False,15,2760.77
2026-07-01,1,Electronics,174.6,False,True,25,4365.02
2026-07-20,1,Electronics,213.98,False,False,11,2353.82
2026-08-25,1,Electronics,209.05,False,False,11,2299.5
2026-09-20,1,Electronics,151.3,True,True,36,5446.91
2026-10-13,1,Electronics,205.54,False,False,11,2260.95
2026-10-17,1,Electronics,186.16,True,False,14,2606.19
2026-11-21,1,Electronics,204.84,True,False,16,3277.44
2026-12-14,1,Electronics,213.08,False,False,13,2770.05
2026-12-20,1,Electronics,158.38,True,True,35,5543.33
2026-12-28,1,Electronics,175.8,False,True,26,4570.79
2027-01-22,1,Electronics,202.39,False,False,9,1821.47
2027-02-06,1,Electronics,203.86,True,False,16,3261.7
2027-02-10,1,Electronics,200.42,False,False,11,2204.59
2027-02-11,1,Electronics,212.83,False,False,8,1702.64
2027-03-02,1,Electronics,156.76,False,True,24,3762.24
2027-03-08,1,Electronics,,False,False,10,1940.61
2027-03-16,1,Electronics,162.28,False,True,25,4057.08
2027-03-17,1,Electronics,190.66,False,False,11,2097.23
2027-04-23,1,Electronics,196.26,False,False,10,1962.65
2027-04-29,1,Electronics,198.61,False,False,11,2184.76
2027-05-02,1,Electronics,198.1,True,False,18,3565.74
2027-05-05,1,Electronics,147.58,False,True,26,3837.2
2027-06-23,1,Electronics,156.82,False,True,25,3920.5
2027-06-27,1,Electronics,199.89,True,False,16,3198.26
2027-06-28,1,Electronics,199.93,False,False,11,2199.18
2027-07-01,1,Electronics,215.21,False,False,10,2152.05
2027-09-14,1,Electronics,196.52,False,False,8,1572.17
2025-01-02,5,Toys,22.05,False,True,104,2293.17
2025-01-23,5,Toys,32.57,False,False,40,1302.94
2025-01-27,5,Toys,29.84,False,False,39,1163.68
2025-02-03,5,Toys,23.02,False,True,89,2049.15
2025-03-13,5,Toys,28.24,False,False,34,960.19
2025-03-28,5,Toys,31.95,False,False,37,1182.31
2025-04-11,5,Toys,30.73,False,False,35,1075.42
2025-05-01,5,Toys,28.93,False,False,42,1215.09
2025-05-06,5,Toys,30.76,False,False,37,1138.15
2025-07-04,5,Toys,30.33,False,False,42,1273.69
2025-08-02,5,Toys,31.52,True,False,64,2017.26
2025-08-30,5,Toys,32.19,True,False,63,2028.09
2025-09-09,5,Toys,28.8,False,False,37,1065.55
2025-09-28,5,Toys,27.81,True,False,55,1529.29
2025-10-09,5,Toys,29.72,False,False,42,1248.26
2025-11-02,5,Toys,28.18,True,False,53,1493.39
2025-11-21,5,Toys,31.08,False,False,39,1212.05
2025-12-06,5,Toys,32.54,True,False,63,2050.08
2025-12-30,5,Toys,22.27,False,True,94,2093.22
2026-02-22,5,Toys,,True,False,62,1820.94
2026-03-27,5,Toys,30.54,False,False,33,1007.77
2026-03-28,5,Toys,28.41,True,False,56,1591.18
2026-04-10,5,Toys,25.69,False,True,102,2619.99
2026-06-14,5,Toys,32.36,True,False,63,2038.88
2026-06-18,5,Toys,31.71,False,False,36,1141.41
2026-06-27,5,Toys,31.94,True,False,61,1948.47
2026-06-30,5,Toys,28.78,False,False,41,1179.92
2026-07-21,5,Toys,28.28,False,False,43,1215.89
2026-08-04,5,Toys,30.38,False,False,46,1397.55
2026-08-11,5,Toys,31.81,False,False,36,1145.3
2026-09-18,5,Toys,29.68,False,False,37,1098.22
2026-09-28,5,Toys,30.84,False,False,38,1171.81
2026-10-22,5,Toys,32.3,False,False,43,1388.8
2027-01-13,5,Toys,22.16,False,True,102,2260.41
2027-02-02,5,Toys,28.46,False,False,42,1195.41
2027-02-03,5,Toys,29.61,False,False,44,1302.93
2027-03-15,5,Toys,30.86,False,False,44,1357.84
2027-04-03,5,Toys,27.09,True,False,59,1598.53
2027-04-15,5,Toys,23.39,False,True,94,2198.92
2027-04-19,5,Toys,,False,False,36,1018.75
2027-05-09,5,Toys,30.4,True,False,64,1945.82
2027-08-02,5,Toys,32.75,False,False,38,1244.53
2027-08-15,5,Toys,32.57,True,False,63,2051.89
2027-08-29,5,Toys,27.67,True,False,59,1632.82
2027-09-10,5,Toys,23.63,False,True,96,2268.3
2027-09-27,5,Toys,,False,False,39,1067.2
2025-01-03,5,Clothing,52.01,False,False,45,2340.6
2025-01-07,5,Clothing,45.46,False,False,51,2318.37
2025-02-26,5,Clothing,45.7,False,False,48,2193.59
2025-04-01,5,Clothing,51.46,False,False,41,2109.82
2025-04-04,5,Clothing,41.91,False,True,133,5573.88
2025-04-10,5,Clothing,48.8,False,False,65,3172.25
2025-05-11,5,Clothing,51.38,True,False,64,3288.26
2025-06-08,5,Clothing,53.88,True,False,63,3394.5
2025-06-17,5,Clothing,49.54,False,False,52,2575.9
2025-06-28,5,Clothing,48.49,True,False,73,3540.04
2025-07-09,5,Clothing,50.83,False,False,51,2592.2
2025-07-26,5,Clothing,47.91,True,False,82,3928.84
2025-08-20,5,Clothing,46.29,False,False,53,2453.39
2025-09-11,5,Clothing,50.84,False,False,42,2135.08
2025-09-21,5,Clothing,51.7,True,False,85,4394.36
2025-12-03,5,Clothing,50.5,False,False,55,2777.55
2025-12-10,5,Clothing,48.91,False,False,50,2445.57
2025-12-11,5,Clothing,45.25,False,False,54,2443.26
2025-12-18,5,Clothing,46.97,False,False,41,1925.8
2026-03-04,5,Clothing,46.88,False,False,49,2297.23
2026-05-03,5,Clothing,36.03,True,True,142,5116.68
2026-05-08,5,Clothing,41.69,False,True,128,5336.18
2026-05-25,5,Clothing,51.7,False,False,51,2636.62
2026-06-01,5,Clothing,49.56,False,False,45,2230.29
2026-06-10,5,Clothing,54.64,False,False,47,2567.89
2026-06-12,5,Clothing,51.24,False,False,46,2357.12
2026-06-28,5,Clothing,51.83,True,False,75,3886.91
2026-07-10,5,Clothing,36.04,False,True,106,3820.27
2026-07-24,5,Clothing,46.4,False,False,51,2366.59
2026-07-25,5,Clothing,49.84,True,False,72,3588.12
2026-08-23,5,Clothing,51.74,True,False,64,3311.38
2026-09-17,5,Clothing,51.5,False,False,36,1853.95
2026-10-12,5,Clothing,51.81,False,False,49,2538.91
2026-10-20,5,Clothing,48.24,False,False,44,2122.42
2026-10-23,5,Clothing,45.63,False,False,59,2692.37
2026-10-24,5,Clothing,48.23,True,False,72,3472.27
2026-11-08,5,Clothing,53.11,True,False,81,4301.97
2026-12-02,5,Clothing,50.73,False,False,46,2333.53
2026-12-05,5,Clothing,50.57,True,False,71,3590.71
2026-12-18,5,Clothing,48.23,False,False,55,2652.9
2026-12-21,5,Clothing,48.81,False,False,55,2684.33
2026-12-22,5,Clothing,37.16,False,True,125,4644.61
2026-12-29,5,Clothing,52.49,False,False,53,2782.15
2027-03-10,5,Clothing,52.64,False,False,45,2368.74
2027-03-27,5,Clothing,45.37,True,False,78,3538.76
2027-04-02,5,Clothing,,False,False,52,2821.35
2027-04-08,5,Clothing,51.26,False,False,49,2511.97
2027-04-18,5,Clothing,50.53,True,False,81,4092.73
2027-04-30,5,Clothing,38.68,False,True,128,4950.97
2027-05-01,5,Clothing,52.61,True,False,68,3577.4
2027-05-14,5,Clothing,,False,False,51,2356.96
2027-05-19,5,Clothing,,False,False,54,2549.96
2027-06-19,5,Clothing,48.61,True,False,82,3986.23
2027-07-17,5,Clothing,51.28,True,False,78,3999.72
2027-07-24,5,Clothing,45.42,True,False,73,3315.83
2027-08-31,5,Clothing,54.72,False,False,44,2407.52
2025-01-04,2,Toys,27.93,True,False,63,1759.77
2025-01-15,2,Toys,29.31,False,False,36,1055.11
2025-02-01,2,Toys,28.28,True,False,46,1300.99
2025-02-22,2,Toys,32.19,True,False,65,2092.1
2025-02-28,2,Toys,29.27,False,False,40,1170.99
2025-03-27,2,Toys,24.1,False,True,116,2796.11
2025-04-15,2,Toys,22.68,False,True,105,2381.3
2025-04-19,2,Toys,29.65,True,False,56,1660.59
2025-04-27,2,Toys,28.75,True,False,58,1667.57
2025-05-03,2,Toys,27.76,True,False,65,1804.24
2025-06-30,2,Toys,30.38,False,False,35,1063.38
2025-07-20,2,Toys,25.97,True,True,163,4233.18
2025-07-24,2,Toys,22.98,False,True,99,2275.31
2025-09-15,2,Toys,29.05,False,False,35,1016.89
2025-09-23,2,Toys,32.28,False,False,44,1420.49
2025-10-25,2,Toys,30.37,True,False,67,2035.08
2025-10-26,2,Toys,28.22,True,False,52,1467.44
2025-11-03,2,Toys,32.66,False,False,36,1175.79
2025-12-01,2,Toys,28.75,False,False,38,1092.45
2026-01-22,2,Toys,31.62,False,False,41,1296.51
2026-03-02,2,Toys,32.04,False,False,32,1025.13
2026-04-13,2,Toys,29.1,False,False,41,1193.04
2026-05-12,2,Toys,27.63,False,False,40,1105.18
2026-07-02,2,Toys,28.23,False,False,40,1129.34
2026-07-23,2,Toys,27.54,False,False,40,1101.73
2026-08-01,2,Toys,31.32,True,False,63,1973.26
2026-08-20,2,Toys,29.61,False,False,43,1273.33
2026-08-22,2,Toys,28.21,True,False,54,1523.35
2026-09-03,2,Toys,28.41,False,False,40,1136.37
2026-09-08,2,Toys,31.19,False,False,41,1278.77
2026-09-13,2,Toys,28.06,True,False,40,1122.39
2026-10-11,2,Toys,29.66,True,False,60,1779.47
2026-11-02,2,Toys,30.95,False,False,35,1083.08
2026-11-16,2,Toys,29.93,False,False,38,1137.23
2026-11-20,2,Toys,25.53,False,True,103,2629.3
2026-12-17,2,Toys,29.71,False,False,43,1277.54
2027-02-27,2,Toys,,True,True,138,3330.14
2027-03-14,2,Toys,26.3,True,True,155,4076.69
2027-04-06,2,Toys,27.53,False,False,45,1238.77
2027-05-04,2,Toys,23.48,False,True,86,2018.87
2027-05-15,2,Toys,27.94,True,False,67,1871.73
2027-05-17,2,Toys,27.67,False,False,39,1079.28
2027-05-26,2,Toys,31.53,False,False,40,1261.26
2027-06-21,2,Toys,32.13,False,False,42,1349.55
2027-08-10,2,Toys,28.92,False,False,46,1330.15
2027-08-18,2,Toys,29.22,False,False,46,1344.02
2027-08-27,2,Toys,22.31,False,True,100,2231.34
2027-09-07,2,Toys,28.71,False,False,38,1090.97
2027-09-16,2,Toys,23.6,False,True,98,2312.6
2025-01-05,1,Toys,25.67,True,True,128,3285.5
2025-01-08,1,Toys,30.81,False,False,43,1325.01
2025-01-29,1,Toys,31.8,False,False,42,1335.75
2025-03-05,1,Toys,30.78,False,False,40,1231.14
2025-03-30,1,Toys,28.09,True,False,63,1769.74
2025-04-13,1,Toys,30.56,True,False,59,1803.21
2025-04-20,1,Toys,29.0,True,False,80,2319.99
2025-04-23,1,Toys,28.13,False,False,36,1012.52
2025-05-04,1,Toys,22.29,True,True,147,3276.92
2025-05-05,1,Toys,28.59,False,False,37,1057.84
2025-06-03,1,Toys,29.17,False,False,42,1225.23
2025-06-26,1,Toys,28.46,False,False,36,1024.56
2025-08-05,1,Toys,24.49,False,True,106,2596.13
2025-09-01,1,Toys,32.8,False,False,40,1312.0
2025-09-10,1,Toys,,False,False,39,1239.44
2025-10-10,1,Toys,,False,False,43,1240.51
2025-10-12,1,Toys,23.56,True,True,153,3605.07
2025-10-29,1,Toys,31.17,False,False,49,1527.51
2025-12-29,1,Toys,27.7,False,False,41,1135.88
2026-01-09,1,Toys,31.13,False,False,41,1276.39
2026-01-17,1,Toys,29.58,True,False,61,1804.16
2026-01-23,1,Toys,30.77,False,False,40,1230.86
2026-01-31,1,Toys,28.0,True,False,59,1652.08
2026-02-05,1,Toys,31.64,False,False,39,1234.01
2026-02-26,1,Toys,29.15,False,False,37,1078.72
2026-02-28,1,Toys,31.6,True,False,64,2022.47
2026-04-16,1,Toys,30.88,False,False,40,1235.37
2026-04-21,1,Toys,31.08,False,False,38,1181.21
2026-05-30,1,Toys,27.71,True,False,51,1413.32
2026-06-06,1,Toys,24.64,True,True,160,3942.33
2026-06-29,1,Toys,31.34,False,False,45,1410.47
2026-08-30,1,Toys,21.92,True,True,118,2587.06
2026-10-15,1,Toys,27.05,False,False,47,1271.52
2026-10-26,1,Toys,30.15,False,False,41,1236.35
2026-10-28,1,Toys,27.36,False,False,39,1067.2
2026-11-15,1,Toys,29.39,True,False,62,1822.25
2026-12-15,1,Toys,,False,False,43,1323.71
2027-03-13,1,Toys,32.98,True,False,55,1813.67
2027-03-29,1,Toys,32.01,False,False,41,1312.5
2027-03-30,1,Toys,30.69,False,False,42,1289.14
2027-04-24,1,Toys,27.97,True,False,66,1846.07
2027-05-18,1,Toys,28.32,False,False,40,1132.89
2027-06-08,1,Toys,31.15,False,False,43,1339.29
2027-06-11,1,Toys,27.26,False,False,40,1090.2
2027-07-26,1,Toys,31.35,False,False,41,1285.16
2027-07-30,1,Toys,31.2,False,False,44,1372.7
2027-08-19,1,Toys,23.15,False,True,95,2199.4
2027-09-04,1,Toys,31.39,True,False,59,1851.97
2025-01-06,4,Electronics,213.18,False,False,9,1918.59
2025-02-02,4,Electronics,190.61,True,False,15,2859.12
2025-02-06,4,Electronics,202.79,False,False,10,2027.87
2025-02-15,4,Electronics,174.24,True,True,45,7840.87
2025-04-07,4,Electronics,202.96,False,False,9,1826.66
2025-04-08,4,Electronics,196.03,False,False,10,1960.28
2025-04-14,4,Electronics,216.96,False,False,11,2386.52
2025-05-02,4,Electronics,198.92,False,False,11,2188.11
2025-05-24,4,Electronics,174.28,True,True,40,6971.21
2025-05-29,4,Electronics,205.67,False,False,10,2056.68
2025-06-10,4,Electronics,146.73,False,True,21,3081.36
2025-06-12,4,Electronics,204.02,False,False,9,1836.15
2025-08-07,4,Electronics,216.46,False,False,9,1948.18
2025-08-17,4,Electronics,202.89,True,False,11,2231.8
2025-08-19,4,Electronics,154.14,False,True,28,4316.06
2025-09-04,4,Electronics,187.79,False,False,10,1877.86
2025-09-14,4,Electronics,200.75,True,False,10,2007.47
2025-10-14,4,Electronics,206.47,False,False,9,1858.25
2025-10-18,4,Electronics,182.69,True,False,14,2557.68
2025-10-23,4,Electronics,217.66,False,False,8,1741.31
2025-11-08,4,Electronics,,True,True,34,5496.19
2025-11-11,4,Electronics,196.24,False,False,7,1373.69
2025-11-17,4,Electronics,202.56,False,False,8,1620.47
2025-12-13,4,Electronics,207.87,True,False,14,2910.19
2025-12-17,4,Electronics,188.23,False,False,10,1882.31
2025-12-26,4,Electronics,190.72,False,False,10,1907.16
2026-01-24,4,Electronics,201.51,True,False,15,3022.59
2026-01-27,4,Electronics,209.67,False,False,10,2096.68
2026-04-02,4,Electronics,185.93,False,False,9,1673.35
2026-04-05,4,Electronics,215.16,True,False,15,3227.37
2026-05-01,4,Electronics,157.88,False,True,29,4578.48
2026-05-17,4,Electronics,,True,True,40,5983.62
2026-06-15,4,Electronics,181.01,False,False,11,1991.12
2026-07-03,4,Electronics,186.15,False,False,9,1675.35
2026-09-05,4,Electronics,201.66,True,False,17,3428.2
2026-09-24,4,Electronics,163.78,False,True,27,4422.04
2026-12-19,4,Electronics,207.67,True,False,15,3115.03
2027-01-10,4,Electronics,191.97,True,False,14,2687.63
2027-01-25,4,Electronics,156.54,False,True,24,3756.99
2027-01-28,4,Electronics,207.38,False,False,10,2073.79
2027-02-17,4,Electronics,213.87,False,False,11,2352.59
2027-03-23,4,Electronics,197.52,False,False,11,2172.71
2027-03-25,4,Electronics,145.79,False,True,24,3499.05
2027-03-28,4,Electronics,205.95,True,False,17,3501.17
2027-04-07,4,Electronics,187.68,False,False,13,2439.79
2027-04-11,4,Electronics,,True,True,35,5098.75
2027-04-26,4,Electronics,182.83,False,False,11,2011.11
2027-05-20,4,Electronics,195.78,False,False,10,1957.77
2027-05-29,4,Electronics,215.71,True,False,13,2804.2
2027-07-19,4,Electronics,194.57,False,False,10,1945.71
2027-08-28,4,Electronics,,True,False,15,3256.32
2027-09-01,4,Electronics,181.04,False,False,10,1810.38
2027-09-06,4,Electronics,187.12,False,False,12,2245.45
2027-09-12,4,Electronics,197.49,True,False,16,3159.91
2025-01-09,2,Home,103.67,False,False,23,2384.43
2025-01-19,2,Home,,True,False,31,3124.41
2025-01-30,2,Home,107.49,False,False,21,2257.28
2025-02-12,2,Home,73.71,False,True,46,3390.78
2025-02-13,2,Home,95.02,False,False,19,1805.43
2025-02-19,2,Home,98.23,False,False,23,2259.39
2025-02-20,2,Home,83.22,False,True,49,4077.8
2025-03-04,2,Home,93.98,False,False,21,1973.63
2025-04-02,2,Home,97.38,False,False,20,1947.61
2025-04-06,2,Home,72.87,True,True,82,5975.54
2025-04-12,2,Home,93.14,True,False,27,2514.81
2025-04-24,2,Home,108.55,False,False,23,2496.73
2025-05-31,2,Home,105.77,True,False,28,2961.64
2025-06-29,2,Home,81.64,True,True,61,4979.94
2025-07-05,2,Home,100.03,True,False,24,2400.66
2025-07-07,2,Home,95.66,False,False,22,2104.47
2025-08-16,2,Home,92.43,True,False,32,2957.67
2025-09-19,2,Home,87.29,False,True,60,5237.1
2025-10-17,2,Home,86.0,False,True,52,4472.17
2025-10-30,2,Home,97.61,False,False,18,1757.04
2025-11-01,2,Home,,True,False,33,3000.17
2025-11-29,2,Home,78.33,True,True,79,6188.15
2025-12-12,2,Home,99.11,False,False,21,2081.24
2025-12-28,2,Home,90.64,True,False,33,2991.27
2026-01-10,2,Home,77.77,True,True,85,6610.19
2026-01-25,2,Home,102.69,True,False,31,3183.26
2026-01-29,2,Home,92.36,False,False,19,1754.86
2026-02-23,2,Home,,False,False,19,1781.12
2026-02-24,2,Home,107.66,False,False,24,2583.73
2026-03-25,2,Home,97.39,False,False,19,1850.37
2026-03-31,2,Home,104.54,False,False,20,2090.84
2026-04-26,2,Home,107.74,True,False,27,2908.9
2026-04-30,2,Home,90.09,False,False,20,1801.89
2026-05-06,2,Home,99.8,False,False,20,1996.07
2026-05-19,2,Home,98.75,False,False,19,1876.33
2026-06-16,2,Home,92.93,False,False,22,2044.43
2026-07-09,2,Home,108.28,False,False,21,2273.95
2026-07-22,2,Home,107.83,False,False,20,2156.58
2026-08-29,2,Home,99.18,True,False,28,2776.96
2026-09-01,2,Home,82.78,False,True,51,4221.74
2026-09-30,2,Home,100.7,False,False,21,2114.74
2026-11-06,2,Home,87.75,False,True,51,4475.27
2026-12-01,2,Home,103.14,False,False,20,2062.77
2026-12-04,2,Home,107.97,False,False,22,2375.4
2027-01-04,2,Home,,False,False,18,1620.57
2027-03-11,2,Home,103.21,False,False,17,1754.56
2027-06-02,2,Home,76.36,False,True,40,3054.51
2027-06-04,2,Home,106.54,False,False,19,2024.19
2027-06-14,2,Home,96.96,False,False,21,2036.09
2027-06-16,2,Home,84.06,False,True,58,4875.73
2027-07-06,2,Home,104.84,False,False,24,2516.19
2027-07-11,2,Home,106.23,True,False,32,3399.33
2027-07-13,2,Home,95.95,False,False,16,1535.14
2027-08-17,2,Home,,False,False,22,2063.32
