data/sales_dataset.csv
Date,Store_ID,Product_Category,Price,Is_Holiday,Is_Promotion,Units_Sold,Revenue
2025-01-10,4,Toys,32.55,False,False,42,1367.2
2025-01-28,4,Toys,27.33,False,False,41,1120.33
2025-03-02,4,Toys,28.28,True,False,47,1329.26
2025-03-06,4,Toys,30.94,False,False,47,1454.01
2025-03-09,4,Toys,30.29,True,False,45,1362.93
2025-03-10,4,Toys,28.48,False,False,36,1025.4
2025-06-05,4,Toys,27.65,False,False,37,1022.97
2025-06-19,4,Toys,29.49,False,False,39,1149.92
2025-07-17,4,Toys,31.67,False,False,41,1298.42
2025-07-23,4,Toys,,False,False,47,1524.45
2025-09-26,4,Toys,,False,True,106,2670.69
2025-10-31,4,Toys,26.31,False,True,98,2578.41
2025-11-04,4,Toys,25.42,False,True,114,2897.41
2025-12-16,4,Toys,24.55,False,True,104,2552.96
2025-12-24,4,Toys,32.04,False,False,44,1409.73
2026-01-03,4,Toys,24.64,True,True,161,3966.32
2026-03-24,4,Toys,30.97,False,False,32,990.92
2026-05-02,4,Toys,24.16,True,True,146,3527.67
2026-05-21,4,Toys,31.78,False,False,46,1461.95
2026-05-24,4,Toys,23.57,True,True,161,3795.44
2026-05-29,4,Toys,27.47,False,False,51,1401.12
2026-06-07,4,Toys,32.74,True,False,65,2127.91
2026-06-08,4,Toys,31.69,False,False,44,1394.21
2026-07-05,4,Toys,29.34,True,False,60,1760.22
2026-07-27,4,Toys,27.24,False,False,39,1062.34
2026-07-30,4,Toys,27.04,False,False,37,1000.46
2026-08-21,4,Toys,30.13,False,False,41,1235.17
2026-10-02,4,Toys,27.98,False,False,43,1203.12
2026-11-11,4,Toys,27.72,False,False,45,1247.55
2026-12-10,4,Toys,27.98,False,False,41,1147.29
2026-12-12,4,Toys,32.2,True,False,65,2093.04
2027-02-15,4,Toys,27.81,False,False,40,1112.59
2027-02-16,4,Toys,29.73,False,False,33,980.97
2027-02-22,4,Toys,28.99,False,False,33,956.64
2027-03-04,4,Toys,32.77,False,False,40,1310.82
2027-03-06,4,Toys,31.49,True,False,59,1858.18
2027-04-17,4,Toys,31.56,True,False,61,1925.28
2027-04-22,4,Toys,31.18,False,False,40,1247.2
2027-05-07,4,Toys,27.13,False,False,40,1085.16
2027-05-23,4,Toys,28.73,True,False,65,1867.57
2027-05-31,4,Toys,30.77,False,False,34,1046.11
2027-06-06,4,Toys,32.46,True,False,63,2045.28
2027-06-25,4,Toys,31.28,False,False,47,1470.21
2027-07-02,4,Toys,27.2,False,False,33,897.51
2027-07-03,4,Toys,25.04,True,True,140,3504.97
2027-07-04,4,Toys,32.13,True,False,54,1734.81
2027-07-09,4,Toys,32.41,False,False,43,1393.56
2027-09-03,4,Toys,28.62,False,False,38,1087.4
2027-09-19,4,Toys,32.21,True,False,60,1932.76
2027-09-26,4,Toys,30.58,True,False,55,1681.63
2025-01-11,3,Electronics,181.28,True,False,15,2719.26
2025-01-26,3,Electronics,191.14,True,False,14,2675.95
2025-02-24,3,Electronics,157.91,False,True,25,3947.65
2025-03-19,3,Electronics,209.96,False,False,9,1889.65
2025-03-26,3,Electronics,212.89,False,False,12,2554.72
2025-03-31,3,Electronics,187.64,False,False,12,2251.71
2025-05-15,3,Electronics,207.43,False,False,10,2074.32
2025-05-20,3,Electronics,183.01,False,False,9,1647.11
2025-05-27,3,Electronics,188.69,False,False,9,1698.22
2025-06-15,3,Electronics,166.49,True,True,33,5494.05
2025-06-18,3,Electronics,186.22,False,False,10,1862.23
2025-07-06,3,Electronics,186.9,True,False,15,2803.54
2025-08-22,3,Electronics,205.4,False,False,10,2054.02
2025-08-23,3,Electronics,186.75,True,False,16,2987.93
2025-09-05,3,Electronics,147.09,False,True,25,3677.35
2025-10-07,3,Electronics,184.49,False,False,9,1660.4
2025-11-15,3,Electronics,207.38,True,False,15,3110.66
2025-11-16,3,Electronics,203.48,True,False,17,3459.18
2025-11-19,3,Electronics,151.43,False,True,28,4240.0
2025-11-20,3,Electronics,211.34,False,False,11,2324.76
2025-12-04,3,Electronics,211.83,False,False,10,2118.26
2025-12-14,3,Electronics,186.57,True,False,16,2985.19
2025-12-20,3,Electronics,192.53,True,False,14,2695.38
2026-01-06,3,Electronics,195.91,False,False,12,2350.9
2026-02-16,3,Electronics,214.26,False,False,11,2356.89
2026-02-20,3,Electronics,146.06,False,True,28,4089.77
2026-03-07,3,Electronics,162.77,True,True,43,6999.17
2026-03-15,3,Electronics,181.93,True,False,14,2546.96
2026-03-26,3,Electronics,166.29,False,True,26,4323.46
2026-05-23,3,Electronics,215.2,True,False,15,3227.97
2026-07-04,3,Electronics,189.11,True,False,15,2836.59
2026-07-07,3,Electronics,,False,False,9,1953.61
2026-10-06,3,Electronics,,False,True,26,4550.8
2026-10-16,3,Electronics,200.0,False,False,10,1999.97
2026-11-22,3,Electronics,212.17,True,False,14,2970.4
2027-01-12,3,Electronics,195.01,False,False,8,1560.08
2027-03-21,3,Electronics,210.42,True,False,17,3577.11
2027-05-25,3,Electronics,203.63,False,False,10,2036.27
2027-06-29,3,Electronics,206.44,False,False,10,2064.43
2027-07-08,3,Electronics,,False,False,10,1826.2
2025-01-12,3,Clothing,48.96,True,False,80,3916.51
2025-01-13,3,Clothing,50.61,False,False,49,2480.07
2025-05-12,3,Clothing,43.56,False,True,130,5663.05
2025-05-16,3,Clothing,48.52,False,False,48,2329.11
2025-06-02,3,Clothing,45.16,False,False,50,2257.89
2025-06-25,3,Clothing,51.18,False,False,45,2303.16
2025-06-27,3,Clothing,46.68,False,False,47,2194.02
2025-07-15,3,Clothing,51.11,False,False,42,2146.45
2025-07-30,3,Clothing,40.37,False,True,128,5167.12
2025-08-01,3,Clothing,37.6,False,True,153,5752.15
2025-08-04,3,Clothing,49.98,False,False,52,2598.71
2025-08-29,3,Clothing,47.67,False,False,50,2383.74
2025-09-17,3,Clothing,49.89,False,False,49,2444.61
2025-10-03,3,Clothing,36.95,False,True,139,5135.47
2025-10-21,3,Clothing,46.43,False,False,43,1996.6
2025-11-28,3,Clothing,49.96,False,False,52,2597.82
2025-12-05,3,Clothing,46.54,False,False,46,2140.91
2025-12-08,3,Clothing,45.44,False,False,44,1999.49
2025-12-21,3,Clothing,49.18,True,False,80,3934.59
2026-01-02,3,Clothing,46.33,False,False,53,2455.33
2026-01-11,3,Clothing,45.91,True,False,80,3672.96
2026-01-19,3,Clothing,50.1,False,False,45,2254.29
2026-03-06,3,Clothing,48.41,False,False,52,2517.19
2026-03-09,3,Clothing,52.32,False,False,43,2249.91
2026-03-11,3,Clothing,36.01,False,True,120,4321.73
2026-03-18,3,Clothing,46.61,False,False,50,2330.45
2026-04-23,3,Clothing,51.38,False,False,43,2209.47
2026-04-25,3,Clothing,54.0,True,False,72,3887.71
2026-06-05,3,Clothing,43.44,False,True,114,4952.36
2026-06-20,3,Clothing,52.81,True,False,74,3907.88
2026-06-21,3,Clothing,54.64,True,False,74,4043.57
2026-06-25,3,Clothing,50.21,False,False,51,2560.51
2026-06-26,3,Clothing,51.63,False,False,47,2426.77
2026-07-16,3,Clothing,48.64,False,False,47,2286.31
2026-07-26,3,Clothing,37.65,True,True,198,7455.53
2026-09-02,3,Clothing,47.69,False,False,48,2289.16
2026-10-19,3,Clothing,45.39,False,False,48,2178.95
2026-10-27,3,Clothing,45.71,False,False,53,2422.56
2026-11-04,3,Clothing,47.14,False,False,51,2404.1
2026-11-07,3,Clothing,39.68,True,True,203,8055.64
2026-11-13,3,Clothing,41.39,False,True,130,5380.58
2026-11-19,3,Clothing,51.16,False,False,54,2762.76
2026-12-06,3,Clothing,52.65,True,False,81,4265.0
2026-12-07,3,Clothing,46.07,False,False,46,2119.11
2027-01-03,3,Clothing,49.96,True,False,74,3697.33
2027-01-15,3,Clothing,46.75,False,False,49,2290.76
2027-04-13,3,Clothing,48.26,False,False,57,2750.9
2027-04-16,3,Clothing,40.55,False,True,127,5149.76
2027-06-09,3,Clothing,45.29,False,False,54,2445.53
2027-07-21,3,Clothing,51.01,False,False,46,2346.57
2027-08-11,3,Clothing,53.27,False,False,51,2716.65
2027-08-14,3,Clothing,38.94,True,True,177,6892.97
2027-08-30,3,Clothing,52.5,False,False,47,2467.47
2027-09-13,3,Clothing,,False,False,47,2253.88
2025-01-14,2,Clothing,,False,False,57,2616.82
2025-01-22,2,Clothing,54.47,False,False,53,2886.83
2025-03-21,2,Clothing,41.36,False,True,94,3887.43
2025-05-30,2,Clothing,42.12,False,True,124,5223.04
2025-07-12,2,Clothing,52.66,True,False,87,4581.56
2025-07-14,2,Clothing,41.54,False,True,106,4403.53
2025-07-16,2,Clothing,53.09,False,False,41,2176.54
2025-07-18,2,Clothing,46.38,False,False,50,2319.2
2025-09-30,2,Clothing,51.39,False,False,46,2363.81
2025-10-08,2,Clothing,42.84,False,True,107,4583.44
2025-10-28,2,Clothing,,False,False,44,2362.57
2025-12-15,2,Clothing,49.26,False,False,41,2019.81
2025-12-22,2,Clothing,46.4,False,False,54,2505.76
2026-01-16,2,Clothing,51.16,False,False,47,2404.56
2026-02-07,2,Clothing,43.46,True,True,211,9169.89
2026-03-17,2,Clothing,52.99,False,False,51,2702.59
2026-04-15,2,Clothing,,False,False,43,2111.09
2026-05-13,2,Clothing,53.31,False,False,48,2559.12
2026-06-09,2,Clothing,41.26,False,True,116,4786.18
2026-06-11,2,Clothing,52.0,False,False,50,2600.01
2026-06-13,2,Clothing,51.94,True,False,73,3791.85
2026-07-08,2,Clothing,52.97,False,False,56,2966.19
2026-07-12,2,Clothing,40.94,True,True,175,7163.64
2026-07-15,2,Clothing,40.96,False,True,134,5488.12
2026-08-02,2,Clothing,49.11,True,False,75,3683.17
2026-09-07,2,Clothing,42.39,False,True,110,4663.36
2026-10-31,2,Clothing,47.49,True,False,72,3419.11
2026-11-17,2,Clothing,42.21,False,True,118,4981.27
2026-11-23,2,Clothing,52.5,False,False,55,2887.7
2026-12-03,2,Clothing,50.81,False,False,52,2642.14
2027-01-08,2,Clothing,48.38,False,False,54,2612.49
2027-01-18,2,Clothing,49.59,False,False,43,2132.53
2027-01-21,2,Clothing,50.32,False,False,51,2566.46
2027-01-29,2,Clothing,43.17,False,True,124,5352.54
2027-02-04,2,Clothing,45.78,False,False,56,2563.62
2027-02-08,2,Clothing,47.92,False,False,46,2204.09
2027-02-13,2,Clothing,46.88,True,False,67,3141.11
2027-02-28,2,Clothing,52.53,True,False,69,3624.41
2027-03-01,2,Clothing,53.42,False,False,53,2831.17
2027-04-05,2,Clothing,50.23,False,False,40,2009.23
2027-04-20,2,Clothing,50.79,False,False,51,2590.53
2027-05-11,2,Clothing,47.85,False,False,59,2823.3
2027-05-12,2,Clothing,45.41,False,False,48,2179.75
2027-06-10,2,Clothing,47.1,False,False,55,2590.41
2027-09-24,2,Clothing,49.45,False,False,49,2423.18
2025-01-17,1,Home,99.07,False,False,24,2377.79
2025-02-16,1,Home,92.96,True,False,32,2974.78
2025-02-17,1,Home,94.99,False,False,21,1994.8
2025-03-01,1,Home,98.6,True,False,28,2760.74
2025-03-03,1,Home,102.66,False,False,21,2155.84
2025-05-09,1,Home,98.61,False,False,20,1972.27
2025-05-18,1,Home,98.31,True,False,33,3244.23
2025-05-23,1,Home,94.43,False,False,23,2171.83
2025-06-06,1,Home,91.31,False,False,20,1826.27
2025-06-11,1,Home,98.22,False,False,21,2062.54
2025-07-22,1,Home,92.75,False,False,19,1762.29
2025-07-27,1,Home,80.42,True,True,75,6031.27
2025-07-29,1,Home,103.14,False,False,16,1650.27
2025-08-03,1,Home,105.99,True,False,27,2861.64
2025-08-18,1,Home,104.34,False,False,21,2191.11
2025-08-25,1,Home,105.34,False,False,18,1896.11
2025-09-02,1,Home,107.65,False,False,19,2045.29
2025-10-16,1,Home,104.38,False,False,18,1878.87
2025-11-25,1,Home,,False,False,21,2140.71
2025-12-07,1,Home,106.25,True,False,24,2549.9
2025-12-23,1,Home,99.69,False,False,21,2093.54
2025-12-31,1,Home,101.94,False,False,23,2344.55
2026-01-14,1,Home,95.99,False,False,17,1631.75
2026-01-26,1,Home,104.6,False,False,20,2091.98
2026-02-08,1,Home,82.52,True,True,76,6271.28
2026-03-08,1,Home,103.24,True,False,27,2787.56
2026-03-14,1,Home,95.3,True,False,28,2668.52
2026-03-19,1,Home,102.27,False,False,20,2045.46
2026-03-22,1,Home,73.4,True,True,79,5798.76
2026-04-14,1,Home,72.79,False,True,55,4003.69
2026-05-11,1,Home,92.02,False,False,19,1748.37
2026-05-20,1,Home,93.66,False,False,16,1498.52
2026-07-11,1,Home,104.83,True,False,30,3144.86
2026-07-14,1,Home,83.61,False,True,50,4180.47
2026-07-17,1,Home,94.43,False,False,20,1888.61
2026-09-12,1,Home,101.11,True,False,31,3134.31
2026-09-26,1,Home,96.5,True,False,31,2991.62
2026-10-09,1,Home,84.01,False,True,52,4368.47
2026-11-01,1,Home,104.05,True,False,29,3017.48
2026-11-10,1,Home,84.93,False,True,44,3737.07
2026-11-27,1,Home,101.94,False,False,18,1834.96
2026-11-30,1,Home,107.81,False,False,20,2156.16
2027-01-19,1,Home,103.74,False,False,19,1971.08
2027-02-01,1,Home,91.42,False,False,19,1736.95
2027-02-25,1,Home,102.32,False,False,20,2046.32
2027-04-27,1,Home,95.4,False,False,22,2098.71
2027-04-28,1,Home,91.1,False,False,19,1730.83
2027-05-06,1,Home,103.65,False,False,21,2176.61
2027-05-30,1,Home,109.41,True,False,32,3501.2
2027-06-05,1,Home,90.26,True,False,28,2527.22
2027-06-20,1,Home,97.7,True,False,25,2442.39
2027-09-05,1,Home,91.11,True,False,22,2004.44
2027-09-08,1,Home,98.65,False,False,21,2071.59
2027-09-09,1,Home,99.79,False,False,18,1796.26
2027-09-18,1,Home,92.13,True,False,30,2763.8
2025-01-18,2,Electronics,191.94,True,False,14,2687.13
2025-03-08,2,Electronics,212.06,True,False,13,2756.74
2025-03-24,2,Electronics,213.22,False,False,10,2132.23
2025-04-18,2,Electronics,206.89,False,False,9,1862.02
2025-05-10,2,Electronics,195.3,True,False,17,3320.13
2025-05-17,2,Electronics,205.85,True,False,14,2881.95
2025-06-04,2,Electronics,216.35,False,False,10,2163.5
2025-06-13,2,Electronics,202.25,False,False,11,2224.76
2025-08-09,2,Electronics,163.44,True,True,38,6210.81
2025-08-14,2,Electronics,215.95,False,False,9,1943.52
2025-10-19,2,Electronics,189.37,True,False,14,2651.23
2025-10-27,2,Electronics,206.95,False,False,8,1655.58
2026-01-15,2,Electronics,180.34,False,False,11,1983.73
2026-01-28,2,Electronics,174.5,False,True,21,3664.43
2026-02-21,2,Electronics,213.17,True,False,15,3197.61
2026-03-30,2,Electronics,219.53,False,False,13,2853.91
2026-06-03,2,Electronics,213.2,False,False,11,2345.15
2026-06-17,2,Electronics,198.1,False,False,9,1782.93
2026-06-22,2,Electronics,197.14,False,False,11,2168.54
2026-07-19,2,Electronics,214.35,True,False,16,3429.58
2026-07-31,2,Electronics,191.23,False,False,10,1912.32
2026-08-10,2,Electronics,210.99,False,False,9,1898.95
2026-08-24,2,Electronics,211.19,False,False,9,1900.68
2026-09-15,2,Electronics,190.17,False,False,10,1901.72
2026-11-24,2,Electronics,216.24,False,False,9,1946.17
2026-12-31,2,Electronics,190.98,False,False,10,1909.77
2027-01-01,2,Electronics,167.35,False,True,20,3347.03
2027-02-24,2,Electronics,191.67,False,False,10,1916.7
2027-04-01,2,Electronics,193.42,False,False,10,1934.2
2027-04-14,2,Electronics,199.38,False,False,11,2193.14
2027-04-21,2,Electronics,181.77,False,False,12,2181.23
2027-05-24,2,Electronics,153.7,False,True,19,2920.36
2027-06-24,2,Electronics,187.96,False,False,11,2067.6
2027-07-22,2,Electronics,213.09,False,False,9,1917.8
2027-08-13,2,Electronics,187.93,False,False,10,1879.31
2027-09-22,2,Electronics,205.94,False,False,9,1853.5
2025-01-21,1,Clothing,54.47,False,False,55,2995.82
2025-01-25,1,Clothing,45.07,True,False,74,3335.32
2025-02-10,1,Clothing,46.58,False,False,54,2515.18
2025-04-09,1,Clothing,40.5,False,True,112,4536.3
2025-04-26,1,Clothing,54.13,True,False,79,4276.21
2025-05-25,1,Clothing,46.36,True,False,64,2966.82
2025-06-16,1,Clothing,50.66,False,False,48,2431.83
2025-08-21,1,Clothing,46.62,False,False,53,2470.84
2025-09-25,1,Clothing,53.38,False,False,43,2295.17
2025-10-20,1,Clothing,47.89,False,False,53,2538.31
2025-11-07,1,Clothing,48.73,False,False,45,2192.94
2025-11-10,1,Clothing,51.2,False,False,42,2150.31
2025-11-13,1,Clothing,42.76,False,True,118,5045.99
2025-11-24,1,Clothing,50.57,False,False,48,2427.35
2025-11-26,1,Clothing,46.7,False,False,40,1867.83
2025-12-25,1,Clothing,47.75,False,False,47,2244.18
2026-01-12,1,Clothing,50.19,False,False,49,2459.53
2026-01-18,1,Clothing,51.0,True,False,65,3315.01
2026-01-20,1,Clothing,46.13,False,False,43,1983.48
2026-02-09,1,Clothing,47.38,False,False,48,2274.32
2026-02-19,1,Clothing,42.59,False,True,113,4812.6
2026-03-01,1,Clothing,47.67,True,False,82,3908.55
2026-03-29,1,Clothing,42.06,True,True,213,8958.25
2026-04-07,1,Clothing,43.79,False,True,115,5036.28
2026-04-11,1,Clothing,36.4,True,True,184,6698.42
2026-05-22,1,Clothing,43.29,False,True,109,4718.59
2026-06-04,1,Clothing,53.22,False,False,49,2607.7
2026-08-05,1,Clothing,54.93,False,False,51,2801.32
2026-08-08,1,Clothing,54.09,True,False,69,3732.44
2026-08-18,1,Clothing,51.99,False,False,52,2703.64
2026-09-09,1,Clothing,46.01,False,False,44,2024.33
2026-10-05,1,Clothing,36.88,False,True,112,4130.88
2026-10-14,1,Clothing,48.25,False,False,60,2894.71
2026-10-30,1,Clothing,45.97,False,False,46,2114.67
2026-12-27,1,Clothing,51.67,True,False,73,3771.91
2027-01-05,1,Clothing,54.99,False,False,46,2529.53
2027-01-06,1,Clothing,47.54,False,False,52,2472.3
2027-01-09,1,Clothing,51.27,True,False,82,4204.3
2027-02-12,1,Clothing,50.9,False,False,44,2239.67
2027-02-19,1,Clothing,50.26,False,False,51,2563.47
2027-02-26,1,Clothing,52.39,False,False,47,2462.31
2027-03-09,1,Clothing,51.38,False,False,46,2363.52
2027-03-19,1,Clothing,43.63,False,True,126,5497.79
2027-03-24,1,Clothing,45.63,False,False,46,2098.98
2027-03-26,1,Clothing,51.67,False,False,43,2221.95
2027-04-09,1,Clothing,54.69,False,False,47,2570.23
2027-04-12,1,Clothing,50.93,False,False,49,2495.43
2027-07-23,1,Clothing,37.09,False,True,129,4784.8
2027-07-29,1,Clothing,47.75,False,False,42,2005.31
2027-08-03,1,Clothing,48.88,False,False,54,2639.77
2027-08-04,1,Clothing,53.59,False,False,47,2518.93
2027-08-08,1,Clothing,52.91,True,False,64,3386.25
