data/sales_dataset.csv
Date,Store_ID,Product_Category,Price,Is_Holiday,Is_Promotion,Units_Sold,Revenue
2025-01-24,3,Toys,29.71,False,False,34,1010.1
2025-03-11,3,Toys,22.97,False,True,87,1998.52
2025-03-29,3,Toys,29.79,True,False,57,1697.93
2025-04-21,3,Toys,28.73,False,False,47,1350.28
2025-04-30,3,Toys,29.68,False,False,46,1365.25
2025-05-22,3,Toys,32.64,False,False,42,1370.95
2025-06-09,3,Toys,28.53,False,False,44,1255.29
2025-06-20,3,Toys,24.86,False,True,90,2236.99
2025-09-07,3,Toys,27.89,True,False,60,1673.62
2025-09-13,3,Toys,24.91,True,True,157,3911.56
2025-09-16,3,Toys,22.78,False,True,93,2118.85
2025-09-20,3,Toys,31.97,True,False,59,1886.09
2025-10-24,3,Toys,28.8,False,False,42,1209.57
2026-02-11,3,Toys,27.51,False,False,42,1155.4
2026-02-13,3,Toys,31.41,False,False,39,1225.07
2026-02-17,3,Toys,,False,False,39,1211.46
2026-04-01,3,Toys,27.07,False,False,38,1028.82
2026-04-04,3,Toys,30.43,True,False,56,1704.2
2026-04-08,3,Toys,27.54,False,False,32,881.14
2026-04-12,3,Toys,30.81,True,False,61,1879.56
2026-05-05,3,Toys,30.58,False,False,39,1192.55
2026-05-18,3,Toys,27.57,False,False,40,1102.8
2026-06-02,3,Toys,29.18,False,False,46,1342.27
2026-07-18,3,Toys,29.15,True,False,54,1574.23
2026-08-07,3,Toys,27.41,False,False,45,1233.59
2026-08-31,3,Toys,,False,False,30,902.97
2026-09-10,3,Toys,29.06,False,False,46,1336.69
2026-09-14,3,Toys,30.37,False,False,40,1214.91
2026-09-21,3,Toys,29.67,False,False,42,1246.11
2026-11-09,3,Toys,25.56,False,True,106,2709.72
2027-01-02,3,Toys,28.9,True,False,47,1358.25
2027-01-14,3,Toys,25.81,False,True,92,2374.5
2027-01-24,3,Toys,21.74,True,True,132,2869.57
2027-02-20,3,Toys,30.14,True,False,57,1717.99
2027-03-12,3,Toys,31.01,False,False,40,1240.22
2027-05-16,3,Toys,32.82,True,False,59,1936.24
2027-06-18,3,Toys,30.09,False,False,34,1022.91
2027-07-16,3,Toys,28.88,False,False,37,1068.56
2027-07-20,3,Toys,32.16,False,False,45,1447.25
2027-08-05,3,Toys,28.64,False,False,46,1317.63
2027-08-06,3,Toys,31.92,False,False,43,1372.62
2027-08-22,3,Toys,29.37,True,False,58,1703.35
2027-08-24,3,Toys,,False,True,99,2193.92
2027-08-26,3,Toys,28.89,False,False,36,1040.16
2027-09-25,3,Toys,21.64,True,True,150,3245.67
2025-01-31,5,Electronics,175.98,False,True,28,4927.36
2025-02-04,5,Electronics,182.29,False,False,9,1640.58
2025-02-05,5,Electronics,182.74,False,False,9,1644.67
2025-02-09,5,Electronics,150.82,True,True,43,6485.3
2025-02-11,5,Electronics,202.18,False,False,9,1819.66
2025-03-12,5,Electronics,151.4,False,True,24,3633.61
2025-03-14,5,Electronics,210.62,False,False,10,2106.24
2025-05-07,5,Electronics,189.39,False,False,10,1893.91
2025-06-21,5,Electronics,153.65,True,True,35,5377.59
2025-07-08,5,Electronics,205.89,False,False,10,2058.92
2025-07-11,5,Electronics,196.94,False,False,11,2166.3
2025-09-27,5,Electronics,193.4,True,False,14,2707.62
2025-11-14,5,Electronics,216.05,False,False,9,1944.46
2025-12-27,5,Electronics,197.65,True,False,15,2964.82
2026-01-01,5,Electronics,168.0,False,True,31,5208.09
2026-01-05,5,Electronics,213.89,False,False,8,1711.09
2026-02-01,5,Electronics,200.35,True,False,18,3606.35
2026-02-04,5,Electronics,169.74,False,True,23,3903.99
2026-02-12,5,Electronics,218.57,False,False,10,2185.69
2026-02-14,5,Electronics,149.26,True,True,40,5970.4
2026-03-12,5,Electronics,154.18,False,True,22,3392.02
2026-03-13,5,Electronics,185.63,False,False,10,1856.26
2026-04-03,5,Electronics,214.7,False,False,9,1932.29
2026-05-09,5,Electronics,181.92,True,False,14,2546.86
2026-05-26,5,Electronics,209.07,False,False,9,1881.59
2026-05-27,5,Electronics,173.9,False,True,25,4347.5
2026-05-31,5,Electronics,211.67,True,False,15,3175.07
2026-07-06,5,Electronics,182.9,False,False,10,1829.04
2026-07-13,5,Electronics,217.29,False,False,11,2390.24
2026-07-29,5,Electronics,195.05,False,False,11,2145.58
2026-08-03,5,Electronics,185.87,False,False,11,2044.62
2026-08-09,5,Electronics,201.26,True,False,12,2415.09
2026-08-12,5,Electronics,190.18,False,False,10,1901.81
2026-08-14,5,Electronics,195.0,False,False,10,1950.01
2026-08-19,5,Electronics,,False,True,26,4546.52
2026-08-27,5,Electronics,200.13,False,False,10,2001.27
2026-10-25,5,Electronics,174.01,True,True,38,6612.36
2026-11-12,5,Electronics,205.29,False,False,11,2258.17
2026-11-14,5,Electronics,191.59,True,False,14,2682.28
2027-01-11,5,Electronics,207.42,False,False,11,2281.62
2027-01-16,5,Electronics,216.2,True,False,15,3242.97
2027-01-27,5,Electronics,210.23,False,False,9,1892.07
2027-03-18,5,Electronics,217.6,False,False,9,1958.37
2027-03-22,5,Electronics,206.43,False,False,10,2064.29
2027-04-25,5,Electronics,198.55,True,False,17,3375.36
2027-05-21,5,Electronics,194.44,False,False,11,2138.87
2027-06-01,5,Electronics,186.51,False,False,10,1865.14
2027-06-03,5,Electronics,210.66,False,False,11,2317.23
2027-06-07,5,Electronics,216.64,False,False,10,2166.41
2027-06-12,5,Electronics,,True,False,16,3461.46
2027-06-15,5,Electronics,,False,True,27,4387.51
2027-07-10,5,Electronics,195.11,True,False,13,2536.42
2027-07-14,5,Electronics,203.13,False,False,9,1828.15
2027-08-01,5,Electronics,206.49,True,False,17,3510.31
2027-08-23,5,Electronics,190.41,False,False,8,1523.29
2027-09-15,5,Electronics,180.65,False,False,10,1806.51
2025-02-07,5,Home,94.09,False,False,20,1881.7
2025-02-23,5,Home,92.31,True,False,29,2676.9
2025-04-03,5,Home,99.07,False,False,19,1882.42
2025-04-05,5,Home,106.65,True,False,29,3092.92
2025-06-01,5,Home,92.2,True,False,29,2673.76
2025-06-07,5,Home,102.11,True,False,34,3471.69
2025-07-01,5,Home,102.54,False,False,19,1948.34
2025-08-31,5,Home,74.55,True,True,83,6187.61
2025-09-06,5,Home,,True,False,26,2443.51
2025-09-08,5,Home,87.85,False,True,50,4392.49
2025-10-04,5,Home,102.77,True,False,33,3391.55
2026-02-15,5,Home,94.15,True,False,29,2730.43
2026-02-27,5,Home,93.6,False,False,19,1778.33
2026-03-03,5,Home,103.95,False,False,20,2079.05
2026-03-10,5,Home,101.78,False,False,21,2137.36
2026-03-21,5,Home,95.95,True,False,32,3070.34
2026-04-09,5,Home,100.31,False,False,22,2206.72
2026-04-28,5,Home,107.42,False,False,24,2578.01
2026-06-23,5,Home,79.46,False,True,51,4052.53
2026-06-24,5,Home,101.45,False,False,20,2029.07
2026-08-28,5,Home,106.26,False,False,17,1806.47
2026-09-04,5,Home,73.71,False,True,54,3980.18
2026-09-06,5,Home,109.69,True,False,31,3400.32
2026-09-27,5,Home,92.7,True,False,34,3151.88
2026-10-18,5,Home,98.77,True,False,30,2963.23
2026-11-03,5,Home,98.25,False,False,19,1866.69
2026-11-25,5,Home,,False,True,49,4041.33
2026-12-08,5,Home,,False,False,19,1942.7
2026-12-24,5,Home,79.96,False,True,41,3278.44
2026-12-26,5,Home,101.15,True,False,30,3034.53
2027-01-07,5,Home,92.28,False,False,19,1753.26
2027-01-20,5,Home,84.14,False,True,49,4122.66
2027-01-23,5,Home,108.87,True,False,31,3374.83
2027-02-23,5,Home,101.27,False,False,24,2430.58
2027-03-20,5,Home,96.06,True,False,40,3842.26
2027-04-04,5,Home,106.15,True,False,30,3184.45
2027-05-08,5,Home,96.86,True,False,31,3002.53
2027-07-05,5,Home,95.69,False,False,20,1913.78
2027-07-27,5,Home,91.8,False,False,21,1927.9
2027-08-20,5,Home,80.91,False,True,43,3479.22
2027-09-11,5,Home,103.53,True,False,31,3209.39
2025-02-08,4,Clothing,48.0,True,False,70,3360.0
2025-02-18,4,Clothing,47.37,False,False,55,2605.21
2025-02-25,4,Clothing,,False,False,46,2396.04
2025-03-07,4,Clothing,43.66,False,True,126,5501.63
2025-03-15,4,Clothing,47.73,True,False,76,3627.43
2025-03-16,4,Clothing,54.2,True,False,84,4552.41
2025-04-28,4,Clothing,54.22,False,False,45,2439.84
2025-05-26,4,Clothing,51.55,False,False,52,2680.56
2025-07-10,4,Clothing,54.38,False,False,48,2610.24
2025-07-31,4,Clothing,45.63,False,False,47,2144.66
2025-09-03,4,Clothing,52.28,False,False,45,2352.38
2025-10-02,4,Clothing,47.67,False,False,47,2240.49
2025-10-05,4,Clothing,54.89,True,False,72,3951.96
2025-10-06,4,Clothing,51.8,False,False,43,2227.55
2025-11-05,4,Clothing,,False,False,49,2470.65
2025-11-18,4,Clothing,51.89,False,False,46,2387.08
2025-11-30,4,Clothing,51.03,True,False,69,3521.22
2026-01-13,4,Clothing,47.29,False,False,50,2364.47
2026-02-02,4,Clothing,,False,True,132,5766.12
2026-02-03,4,Clothing,49.16,False,False,49,2408.97
2026-02-18,4,Clothing,36.82,False,True,163,6000.89
2026-02-25,4,Clothing,51.43,False,False,51,2622.75
2026-03-20,4,Clothing,38.65,False,True,125,4831.09
2026-03-23,4,Clothing,37.66,False,True,103,3878.53
2026-04-29,4,Clothing,52.16,False,False,63,3285.87
2026-05-28,4,Clothing,39.93,False,True,127,5071.51
2026-08-06,4,Clothing,53.2,False,False,53,2819.84
2026-08-16,4,Clothing,52.84,True,False,68,3592.98
2026-09-19,4,Clothing,51.41,True,False,82,4215.28
2026-09-22,4,Clothing,36.18,False,True,116,4197.44
2026-10-03,4,Clothing,49.22,True,False,76,3740.9
2026-12-09,4,Clothing,51.05,False,False,48,2450.26
2026-12-11,4,Clothing,54.88,False,False,55,3018.53
2027-01-31,4,Clothing,48.49,True,False,67,3248.57
2027-02-14,4,Clothing,53.73,True,False,76,4083.28
2027-05-28,4,Clothing,36.02,False,True,104,3746.04
2027-06-30,4,Clothing,49.98,False,False,44,2199.08
2027-07-15,4,Clothing,45.77,False,False,48,2196.8
2027-07-18,4,Clothing,53.24,True,False,80,4259.13
2027-08-12,4,Clothing,36.18,False,True,117,4233.5
2025-02-14,4,Home,77.34,False,True,60,4640.21
2025-03-18,4,Home,96.54,False,False,20,1930.74
2025-05-13,4,Home,96.04,False,False,24,2305.02
2025-05-21,4,Home,78.31,False,True,50,3915.66
2025-07-02,4,Home,101.83,False,False,20,2036.57
2025-09-29,4,Home,90.28,False,False,20,1805.63
2025-10-13,4,Home,97.65,False,False,17,1660.04
2025-11-23,4,Home,91.83,True,False,33,3030.4
2025-12-02,4,Home,97.86,False,False,18,1761.46
2025-12-09,4,Home,98.61,False,False,22,2169.4
2025-12-19,4,Home,102.23,False,False,18,1840.07
2026-01-30,4,Home,95.26,False,False,23,2190.96
2026-03-05,4,Home,,False,True,56,4066.02
2026-03-16,4,Home,92.03,False,False,21,1932.6
2026-04-06,4,Home,90.4,False,False,21,1898.5
2026-04-18,4,Home,106.49,True,False,29,3088.1
2026-05-14,4,Home,80.77,False,True,56,4523.13
2026-08-15,4,Home,100.72,True,False,35,3525.27
2026-09-11,4,Home,98.01,False,False,18,1764.21
2026-09-25,4,Home,104.75,False,False,19,1990.29
2026-10-01,4,Home,,False,True,49,3865.46
2026-10-08,4,Home,99.97,False,False,20,1999.36
2026-10-29,4,Home,91.17,False,False,18,1640.99
2026-12-13,4,Home,108.78,True,False,28,3045.92
2026-12-16,4,Home,95.72,False,False,21,2010.08
2026-12-23,4,Home,92.35,False,False,19,1754.67
2027-01-17,4,Home,92.87,True,False,34,3157.44
2027-01-26,4,Home,106.35,False,False,16,1701.58
2027-02-05,4,Home,106.44,False,False,19,2022.37
2027-02-18,4,Home,72.61,False,True,45,3267.26
2027-03-05,4,Home,95.34,False,False,19,1811.49
2027-03-31,4,Home,82.95,False,True,51,4230.22
2027-05-03,4,Home,97.36,False,False,19,1849.9
2027-05-27,4,Home,90.84,False,False,22,1998.58
2027-06-17,4,Home,93.7,False,False,20,1874.05
2027-06-22,4,Home,87.98,False,True,48,4223.02
2027-06-26,4,Home,102.06,True,False,27,2755.71
2027-08-21,4,Home,108.79,True,False,34,3698.74
2027-09-02,4,Home,109.02,False,False,21,2289.51
2027-09-17,4,Home,108.36,False,False,18,1950.52
2027-09-20,4,Home,109.48,False,False,18,1970.61
2025-02-27,3,Home,96.52,False,False,18,1737.43
2025-03-22,3,Home,81.72,True,True,75,6128.7
2025-04-16,3,Home,99.37,False,False,21,2086.85
2025-04-22,3,Home,109.4,False,False,19,2078.67
2025-05-14,3,Home,95.9,False,False,20,1918.09
2025-05-19,3,Home,95.14,False,False,21,1997.93
2025-05-28,3,Home,76.41,False,True,51,3897.12
2025-06-22,3,Home,90.15,True,False,30,2704.64
2025-07-03,3,Home,85.83,False,True,52,4463.06
2025-08-06,3,Home,104.35,False,False,18,1878.36
2025-08-10,3,Home,101.34,True,False,29,2939.0
2025-08-11,3,Home,91.54,False,False,21,1922.29
2025-08-13,3,Home,94.29,False,False,18,1697.25
2025-08-15,3,Home,101.0,False,False,20,2020.0
2025-08-26,3,Home,106.09,False,False,21,2227.97
2025-08-28,3,Home,92.62,False,False,20,1852.31
2025-09-18,3,Home,82.83,False,True,40,3313.04
2025-09-24,3,Home,91.18,False,False,20,1823.67
2025-10-22,3,Home,87.18,False,True,58,5056.23
2025-11-09,3,Home,85.01,True,True,69,5865.73
2025-11-27,3,Home,91.27,False,False,18,1642.78
2026-01-07,3,Home,92.61,False,False,19,1759.63
2026-01-21,3,Home,85.77,False,True,50,4288.65
2026-02-06,3,Home,94.85,False,False,21,1991.89
2026-04-17,3,Home,97.53,False,False,20,1950.59
2026-04-19,3,Home,92.16,True,False,31,2857.02
2026-04-20,3,Home,104.22,False,False,21,2188.66
2026-04-22,3,Home,98.09,False,False,20,1961.84
2026-04-24,3,Home,106.81,False,False,21,2243.07
2026-05-04,3,Home,78.14,False,True,47,3672.43
2026-07-28,3,Home,101.4,False,False,19,1926.66
2026-08-17,3,Home,97.96,False,False,20,1959.25
2026-08-26,3,Home,,False,False,18,1966.7
2026-09-16,3,Home,98.24,False,False,19,1866.47
2026-10-04,3,Home,100.64,True,False,35,3522.36
2026-10-07,3,Home,,False,True,52,4108.76
2026-11-26,3,Home,90.38,False,False,22,1988.39
2026-11-29,3,Home,94.72,True,False,33,3125.9
2026-12-30,3,Home,97.58,False,False,22,2146.73
2027-01-30,3,Home,90.61,True,False,33,2989.97
2027-02-09,3,Home,108.73,False,False,19,2065.94
2027-04-10,3,Home,95.03,True,False,30,2850.83
2027-05-10,3,Home,90.95,False,False,19,1727.98
2027-05-13,3,Home,81.0,False,True,54,4373.99
2027-05-22,3,Home,109.55,True,False,35,3834.27
2027-07-07,3,Home,91.13,False,False,21,1913.71
2027-07-12,3,Home,94.04,False,False,16,1504.56
2027-07-25,3,Home,108.01,True,False,25,2700.29
2027-07-28,3,Home,104.74,False,False,21,2199.64
2027-08-09,3,Home,92.22,False,False,20,1844.33
2027-08-16,3,Home,97.64,False,False,18,1757.55
2027-08-25,3,Home,95.66,False,False,22,2104.49
2025-03-20,,Electronics,206.07,False,False,10,2060.7
2025-07-25,,Electronics,172.96,False,True,26,4497.08
2025-07-28,,Electronics,198.81,False,False,8,1590.44
2026-11-18,,Electronics,196.94,False,False,9,1772.47
2026-11-28,,Electronics,173.51,True,True,36,6246.46
2027-08-07,,Electronics,204.08,True,False,16,3265.35
2027-09-21,,Electronics,144.44,False,True,28,4044.43
2027-09-23,,Electronics,198.54,False,False,9,1786.83
2025-04-17,,Toys,30.59,False,False,45,1376.47
2025-06-14,,Toys,32.85,True,False,63,2069.38
2025-09-12,,Toys,24.87,False,True,124,3083.57
2025-10-15,,Toys,31.37,False,False,39,1223.32
2026-06-19,,Toys,32.74,False,False,43,1407.83
2026-08-13,,Toys,27.03,False,False,31,838.02
2026-11-05,,Toys,21.77,False,True,77,1676.01
2026-12-25,,Toys,29.65,False,False,40,1186.05
2027-03-03,,Toys,27.87,False,False,46,1282.06
2025-10-01,,Clothing,49.77,False,False,53,2638.05
2026-05-07,,Clothing,54.85,False,False,47,2577.89
2026-09-23,,Clothing,36.82,False,True,149,5486.79
2026-09-29,,Clothing,49.42,False,False,47,2322.67
2026-10-10,,Clothing,47.5,True,False,80,3800.06
2026-10-21,,Clothing,37.24,False,True,122,4543.3
2027-02-07,,Clothing,54.03,True,False,69,3728.25
2027-06-13,,Clothing,47.0,True,False,77,3619.02
2027-07-31,,Clothing,52.16,True,False,81,4224.69
